
/home/runner/work/exp-moisture-content-iitk/exp-moisture-content-iitk/experiment/simulation/script/project.js
    2:5   warning  'hmessage' is assigned a value but never used   no-unused-vars
   18:5   warning  'message' is assigned a value but never used    no-unused-vars
   37:5   warning  'startlab2' is assigned a value but never used  no-unused-vars
   47:5   warning  'trial' is assigned a value but never used      no-unused-vars
   62:9   warning  'mcyl' is not defined                           no-undef
   67:9   warning  'observer' is not defined                       no-undef
   68:9   warning  'deslid' is not defined                         no-undef
   68:16  warning  'lid4' is not defined                           no-undef
   69:9   warning  'petridish' is not defined                      no-undef
   69:19  warning  'petri1' is not defined                         no-undef
   70:9   warning  'pbread' is not defined                         no-undef
   70:16  warning  'pbread1' is not defined                        no-undef
   71:9   warning  'petrileft' is not defined                      no-undef
   72:9   warning  'pbreadleft' is not defined                     no-undef
   79:9   warning  'observer' is not defined                       no-undef
   80:9   warning  'deslid' is not defined                         no-undef
   80:16  warning  'lid4' is not defined                           no-undef
   81:9   warning  'petridish' is not defined                      no-undef
   81:19  warning  'petri1' is not defined                         no-undef
   82:9   warning  'pbread' is not defined                         no-undef
   82:16  warning  'pbread1' is not defined                        no-undef
   83:9   warning  'petrileft' is not defined                      no-undef
   84:9   warning  'pbreadleft' is not defined                     no-undef
   91:9   warning  'observer' is not defined                       no-undef
  101:9   warning  'observe' is not defined                        no-undef
  102:9   warning  'observe' is not defined                        no-undef
  103:9   warning  'obtext' is not defined                         no-undef
  104:9   warning  'obtext' is not defined                         no-undef
  105:9   warning  'obtext' is not defined                         no-undef
  107:9   warning  'obtext' is not defined                         no-undef

/home/runner/work/exp-moisture-content-iitk/exp-moisture-content-iitk/experiment/simulation/script/step1.js
    8:5   warning  'sb' is assigned a value but never used          no-unused-vars
   23:5   warning  'changeins2' is assigned a value but never used  no-unused-vars
   24:5   warning  'changeins3' is assigned a value but never used  no-unused-vars
   31:5   warning  'mtest' is assigned a value but never used       no-unused-vars
   49:10  warning  'diswater' is defined but never used             no-unused-vars
   50:8   warning  'f' is not defined                               no-undef
   51:9   warning  'f' is not defined                               no-undef
   72:21  warning  'f' is not defined                               no-undef
   73:21  warning  'ins' is not defined                             no-undef
   75:25  warning  'f' is not defined                               no-undef
   76:25  warning  'ins' is not defined                             no-undef
   88:10  warning  'measure' is defined but never used              no-unused-vars
   89:8   warning  'f' is not defined                               no-undef
   90:9   warning  'f' is not defined                               no-undef
  137:33  warning  'f' is not defined                               no-undef
  138:33  warning  'ins' is not defined                             no-undef
  140:33  warning  'ins' is not defined                             no-undef
  142:37  warning  'ins' is not defined                             no-undef
  143:37  warning  'startbutton' is not defined                     no-undef
  144:37  warning  'startbutton' is not defined                     no-undef
  279:5   warning  'new1' is defined but never used                 no-unused-vars
  285:10  warning  'pipette1' is defined but never used             no-unused-vars
  286:8   warning  'f' is not defined                               no-undef
  287:9   warning  'f' is not defined                               no-undef
  339:57  warning  'f' is not defined                               no-undef
  340:57  warning  'ins' is not defined                             no-undef
  420:9   warning  'trial' is not defined                           no-undef
  449:9   warning  'trial' is not defined                           no-undef
  478:9   warning  'trial' is not defined                           no-undef
  488:9   warning  'f' is not defined                               no-undef

/home/runner/work/exp-moisture-content-iitk/exp-moisture-content-iitk/experiment/simulation/script/step2.js
   34:5   warning  'on' is assigned a value but never used      no-unused-vars
   35:5   warning  'tare' is assigned a value but never used    no-unused-vars
   39:5   warning  'obtext' is assigned a value but never used  no-unused-vars
   55:10  warning  'on1' is defined but never used              no-unused-vars
   56:8   warning  'f' is not defined                           no-undef
   58:9   warning  'f' is not defined                           no-undef
   59:9   warning  'ins' is not defined                         no-undef
   64:10  warning  'pt1' is defined but never used              no-unused-vars
   65:8   warning  'f' is not defined                           no-undef
   66:9   warning  'f' is not defined                           no-undef
   73:21  warning  'f' is not defined                           no-undef
   74:21  warning  'ins' is not defined                         no-undef
   78:21  warning  'f' is not defined                           no-undef
   79:21  warning  'ins' is not defined                         no-undef
   86:10  warning  'tare1' is defined but never used            no-unused-vars
   87:8   warning  'f' is not defined                           no-undef
   88:9   warning  'f' is not defined                           no-undef
   90:9   warning  'ins' is not defined                         no-undef
   94:10  warning  'echimty1' is defined but never used         no-unused-vars
   95:8   warning  'f' is not defined                           no-undef
   96:9   warning  'f' is not defined                           no-undef
  177:9   warning  'f' is not defined                           no-undef
  180:9   warning  'ins' is not defined                         no-undef
  187:9   warning  'f' is not defined                           no-undef
  190:9   warning  'ins' is not defined                         no-undef
  197:9   warning  'f' is not defined                           no-undef
  200:9   warning  'ins' is not defined                         no-undef
  207:9   warning  'f' is not defined                           no-undef
  210:9   warning  'ins' is not defined                         no-undef
  215:9   warning  'f' is not defined                           no-undef
  218:9   warning  'ins' is not defined                         no-undef
  272:17  warning  'startbutton' is not defined                 no-undef
  274:21  warning  'startbutton' is not defined                 no-undef
  275:21  warning  'ins' is not defined                         no-undef
  285:10  warning  'observer' is defined but never used         no-unused-vars
  292:12  warning  'f' is not defined                           no-undef
  293:13  warning  'tablesdiv' is not defined                   no-undef
  314:10  warning  'plates' is defined but never used           no-unused-vars
  315:8   warning  'f' is not defined                           no-undef
  316:9   warning  'f' is not defined                           no-undef
  334:17  warning  'ins' is not defined                         no-undef
  335:17  warning  'f' is not defined                           no-undef

/home/runner/work/exp-moisture-content-iitk/exp-moisture-content-iitk/experiment/simulation/script/step3.js
    8:10  warning  'review' is defined but never used   no-unused-vars
    9:8   warning  'f' is not defined                   no-undef
   10:9   warning  'f' is not defined                   no-undef
   11:9   warning  'deslid' is not defined              no-undef
   13:13  warning  'deslid' is not defined              no-undef
   15:17  warning  'deslid' is not defined              no-undef
   16:17  warning  'petridish' is not defined           no-undef
   17:17  warning  'pbread' is not defined              no-undef
   19:21  warning  'petridish' is not defined           no-undef
   20:21  warning  'pbread' is not defined              no-undef
   22:25  warning  'petridish' is not defined           no-undef
   23:25  warning  'pbread' is not defined              no-undef
   25:29  warning  'reading' is not defined             no-undef
   26:29  warning  'ins' is not defined                 no-undef
   28:33  warning  'ins' is not defined                 no-undef
   29:33  warning  'f' is not defined                   no-undef
   40:10  warning  'reverse' is defined but never used  no-unused-vars
   41:8   warning  'f' is not defined                   no-undef
   42:9   warning  'f' is not defined                   no-undef
   43:9   warning  'petridish' is not defined           no-undef
   44:9   warning  'pbread' is not defined              no-undef
   45:9   warning  'reading' is not defined             no-undef
   47:13  warning  'petridish' is not defined           no-undef
   47:34  warning  'petrileft' is not defined           no-undef
   48:13  warning  'pbread' is not defined              no-undef
   48:31  warning  'pbreadleft' is not defined          no-undef
   50:17  warning  'petridish' is not defined           no-undef
   51:17  warning  'pbread' is not defined              no-undef
   52:17  warning  'deslid' is not defined              no-undef
   54:21  warning  'deslid' is not defined              no-undef
   56:25  warning  'deslid' is not defined              no-undef
   57:25  warning  'f' is not defined                   no-undef
   59:25  warning  'ins' is not defined                 no-undef
   59:39  warning  'st3' is not defined                 no-undef
   70:8   warning  'deslid' is not defined              no-undef
   70:16  warning  'lid4' is not defined                no-undef
   71:9   warning  'deslid' is not defined              no-undef
   71:16  warning  'lid3' is not defined                no-undef
   72:9   warning  'petridish' is not defined           no-undef
   72:19  warning  'petri2' is not defined              no-undef
   73:9   warning  'pbread' is not defined              no-undef
   73:16  warning  'pbread2' is not defined             no-undef
   74:9   warning  'petrileft' is not defined           no-undef
   75:9   warning  'pbreadleft' is not defined          no-undef
   77:9   warning  'st3' is not defined                 no-undef
   78:9   warning  'f' is not defined                   no-undef
   89:13  warning  'deslid' is not defined              no-undef
   89:21  warning  'lid3' is not defined                no-undef
   90:9   warning  'deslid' is not defined              no-undef
   90:16  warning  'lid2' is not defined                no-undef
   91:9   warning  'petridish' is not defined           no-undef
   91:19  warning  'petri3' is not defined              no-undef
   92:9   warning  'pbread' is not defined              no-undef
   92:16  warning  'pbread3' is not defined             no-undef
   93:9   warning  'petrileft' is not defined           no-undef
   94:9   warning  'pbreadleft' is not defined          no-undef
   96:9   warning  'st3' is not defined                 no-undef
   97:9   warning  'f' is not defined                   no-undef
  108:13  warning  'deslid' is not defined              no-undef
  108:21  warning  'lid2' is not defined                no-undef
  109:9   warning  'deslid' is not defined              no-undef
  109:16  warning  'lid1' is not defined                no-undef
  110:9   warning  'petridish' is not defined           no-undef
  110:19  warning  'petri4' is not defined              no-undef
  111:9   warning  'pbread' is not defined              no-undef
  111:16  warning  'pbread4' is not defined             no-undef
  112:9   warning  'petrileft' is not defined           no-undef
  113:9   warning  'pbreadleft' is not defined          no-undef
  115:9   warning  'st3' is not defined                 no-undef
  116:9   warning  'f' is not defined                   no-undef
  127:13  warning  'deslid' is not defined              no-undef
  127:21  warning  'lid1' is not defined                no-undef
  128:9   warning  'deslid' is not defined              no-undef
  128:16  warning  'lid' is not defined                 no-undef
  129:9   warning  'petridish' is not defined           no-undef
  129:19  warning  'petri5' is not defined              no-undef
  130:9   warning  'pbread' is not defined              no-undef
  130:16  warning  'pbread5' is not defined             no-undef
  131:9   warning  'petrileft' is not defined           no-undef
  132:9   warning  'pbreadleft' is not defined          no-undef
  134:9   warning  'f' is not defined                   no-undef
  135:9   warning  'st3' is not defined                 no-undef
  146:13  warning  'deslid' is not defined              no-undef
  146:21  warning  'lid' is not defined                 no-undef
  147:9   warning  'deslid' is not defined              no-undef
  147:16  warning  'lid4' is not defined                no-undef
  148:9   warning  'f' is not defined                   no-undef
  151:13  warning  'obtext' is not defined              no-undef
  152:13  warning  'st3' is not defined                 no-undef
  158:13  warning  'obtext' is not defined              no-undef
  159:13  warning  'st3' is not defined                 no-undef
  164:13  warning  'f' is not defined                   no-undef
  165:13  warning  'startbutton' is not defined         no-undef
  166:13  warning  'obtext' is not defined              no-undef
  167:13  warning  'obtext' is not defined              no-undef
  168:13  warning  'st3' is not defined                 no-undef
  169:13  warning  'tablesdiv' is not defined           no-undef
  172:13  warning  'startbutton' is not defined         no-undef
  173:13  warning  'ins' is not defined                 no-undef
  175:17  warning  'ins' is not defined                 no-undef
  175:31  warning  'st3' is not defined                 no-undef

✖ 203 problems (0 errors, 203 warnings)

